Copyright 1986-2022 Xilinx, Inc. All Rights Reserved. Copyright 2022-2024 Advanced Micro Devices, Inc. All Rights Reserved.
---------------------------------------------------------------------------------------------------------------------------------------------
| Tool Version : Vivado v.2024.1 (win64) Build 5076996 Wed May 22 18:37:14 MDT 2024
| Date         : Sun Mar  1 10:28:41 2026
| Host         : hiccup running 64-bit major release  (build 9200)
| Command      : report_control_sets -verbose -file top_control_sets_placed.rpt
| Design       : top
| Device       : xc7a100t
---------------------------------------------------------------------------------------------------------------------------------------------

Control Set Information

Table of Contents
-----------------
1. Summary
2. Histogram
3. Flip-Flop Distribution
4. Detailed Control Set Information

1. Summary
----------

+----------------------------------------------------------+-------+
|                          Status                          | Count |
+----------------------------------------------------------+-------+
| Total control sets                                       |   153 |
|    Minimum number of control sets                        |   153 |
|    Addition due to synthesis replication                 |     0 |
|    Addition due to physical synthesis replication        |     0 |
| Unused register locations in slices containing registers |   169 |
+----------------------------------------------------------+-------+
* Control sets can be merged at opt_design using control_set_merge or merge_equivalent_drivers
** Run report_qor_suggestions for automated merging and remapping suggestions


2. Histogram
------------

+--------------------+-------+
|       Fanout       | Count |
+--------------------+-------+
| Total control sets |   153 |
| >= 0 to < 4        |     1 |
| >= 4 to < 6        |     3 |
| >= 6 to < 8        |     1 |
| >= 8 to < 10       |     4 |
| >= 10 to < 12      |     4 |
| >= 12 to < 14      |     1 |
| >= 14 to < 16      |    54 |
| >= 16              |    85 |
+--------------------+-------+
* Control sets can be remapped at either synth_design or opt_design


3. Flip-Flop Distribution
-------------------------

+--------------+-----------------------+------------------------+-----------------+--------------+
| Clock Enable | Synchronous Set/Reset | Asynchronous Set/Reset | Total Registers | Total Slices |
+--------------+-----------------------+------------------------+-----------------+--------------+
| No           | No                    | No                     |              14 |            3 |
| No           | No                    | Yes                    |              45 |           20 |
| No           | Yes                   | No                     |              27 |            8 |
| Yes          | No                    | No                     |              19 |            5 |
| Yes          | No                    | Yes                    |            3078 |         1310 |
| Yes          | Yes                   | No                     |               8 |            2 |
+--------------+-----------------------+------------------------+-----------------+--------------+


4. Detailed Control Set Information
-----------------------------------

+----------------+-----------------------------------------------------------------+-----------------------------------------------+------------------+----------------+--------------+
|  Clock Signal  |                          Enable Signal                          |                Set/Reset Signal               | Slice Load Count | Bel Load Count | Bels / Slice |
+----------------+-----------------------------------------------------------------+-----------------------------------------------+------------------+----------------+--------------+
|  clk_IBUF_BUFG |                                                                 | u_tx/TxD_i_1_n_5562                           |                1 |              1 |         1.00 |
|  clk_IBUF_BUFG | u_tx/bitcounter__0                                              | u_tx/bitcounter[3]_i_1__0_n_5562              |                1 |              4 |         4.00 |
|  clk_IBUF_BUFG | u_gru/FSM_sequential_state[3]_i_1_n_5562                        | u_gru/gen_parallel_elements[0].new_elem/rst_n |                2 |              4 |         2.00 |
|  clk_IBUF_BUFG | u_rx/bitcounter__0                                              | u_rx/bitcounter[3]_i_1_n_5562                 |                1 |              4 |         4.00 |
|  clk_IBUF_BUFG | rx_val_idx[5]_i_1_n_5562                                        | u_gru/gen_parallel_elements[0].new_elem/rst_n |                1 |              6 |         6.00 |
|  clk_IBUF_BUFG | transmit_i_1_n_5562                                             | u_gru/gen_parallel_elements[0].new_elem/rst_n |                1 |              8 |         8.00 |
|  clk_IBUF_BUFG | rx_high_byte[7]_i_1_n_5562                                      | u_gru/gen_parallel_elements[0].new_elem/rst_n |                2 |              8 |         4.00 |
|  clk_IBUF_BUFG | u_gru/index__0                                                  | u_gru/gen_parallel_elements[0].new_elem/rst_n |                8 |              9 |         1.12 |
|  clk_IBUF_BUFG | u_rx/rxshiftreg                                                 |                                               |                3 |              9 |         3.00 |
|  clk_IBUF_BUFG | u_tx/rightshiftreg                                              |                                               |                2 |             10 |         5.00 |
|  clk_IBUF_BUFG | u_gru/gen_parallel_elements[0].update_elem/acc_idx              | u_gru/gen_parallel_elements[0].new_elem/rst_n |                4 |             11 |         2.75 |
|  clk_IBUF_BUFG | u_gru/gen_parallel_elements[0].new_elem/acc_idx                 | u_gru/gen_parallel_elements[0].new_elem/rst_n |                4 |             11 |         2.75 |
|  clk_IBUF_BUFG | u_gru/gen_parallel_elements[0].reset_elem/acc_idx               | u_gru/gen_parallel_elements[0].new_elem/rst_n |                5 |             11 |         2.20 |
|  clk_IBUF_BUFG |                                                                 | u_rx/counter[0]_i_1_n_5562                    |                3 |             12 |         4.00 |
|  clk_IBUF_BUFG |                                                                 |                                               |                3 |             14 |         4.67 |
|  clk_IBUF_BUFG |                                                                 | u_tx/counter[0]_i_1__0_n_5562                 |                4 |             14 |         3.50 |
|  clk_IBUF_BUFG | baud_timer[13]_i_1_n_5562                                       | u_gru/gen_parallel_elements[0].new_elem/rst_n |                4 |             14 |         3.50 |
|  clk_IBUF_BUFG | u_gru/gen_parallel_elements[0].update_elem/index_reg[3]_11[0]   | u_gru/gen_parallel_elements[0].new_elem/rst_n |                9 |             15 |         1.67 |
|  clk_IBUF_BUFG | u_gru/gen_parallel_elements[0].update_elem/index_reg[3]_12[0]   | u_gru/gen_parallel_elements[0].new_elem/rst_n |                5 |             15 |         3.00 |
|  clk_IBUF_BUFG | u_gru/gen_parallel_elements[0].update_elem/index_reg[3]_13[0]   | u_gru/gen_parallel_elements[0].new_elem/rst_n |               10 |             15 |         1.50 |
|  clk_IBUF_BUFG | u_gru/gen_parallel_elements[0].update_elem/index_reg[3][0]      | u_gru/gen_parallel_elements[0].new_elem/rst_n |                7 |             15 |         2.14 |
|  clk_IBUF_BUFG | u_gru/gen_parallel_elements[0].update_elem/index_reg[3]_10[0]   | u_gru/gen_parallel_elements[0].new_elem/rst_n |                6 |             15 |         2.50 |
|  clk_IBUF_BUFG | u_gru/gen_parallel_elements[0].update_elem/index_reg[3]_4[0]    | u_gru/gen_parallel_elements[0].new_elem/rst_n |                6 |             15 |         2.50 |
|  clk_IBUF_BUFG | u_gru/gen_parallel_elements[0].update_elem/index_reg[3]_2[0]    | u_gru/gen_parallel_elements[0].new_elem/rst_n |                8 |             15 |         1.88 |
|  clk_IBUF_BUFG | u_gru/gen_parallel_elements[0].update_elem/index_reg[3]_7[0]    | u_gru/gen_parallel_elements[0].new_elem/rst_n |                7 |             15 |         2.14 |
|  clk_IBUF_BUFG | u_gru/gen_parallel_elements[0].update_elem/index_reg[3]_8[0]    | u_gru/gen_parallel_elements[0].new_elem/rst_n |                6 |             15 |         2.50 |
|  clk_IBUF_BUFG | u_gru/gen_parallel_elements[0].update_elem/index_reg[3]_5[0]    | u_gru/gen_parallel_elements[0].new_elem/rst_n |                8 |             15 |         1.88 |
|  clk_IBUF_BUFG | u_gru/gen_parallel_elements[0].update_elem/index_reg[3]_3[0]    | u_gru/gen_parallel_elements[0].new_elem/rst_n |               10 |             15 |         1.50 |
|  clk_IBUF_BUFG | u_gru/gen_parallel_elements[0].update_elem/index_reg[3]_9[0]    | u_gru/gen_parallel_elements[0].new_elem/rst_n |                8 |             15 |         1.88 |
|  clk_IBUF_BUFG | u_gru/gen_parallel_elements[0].update_elem/index_reg[3]_6[0]    | u_gru/gen_parallel_elements[0].new_elem/rst_n |                7 |             15 |         2.14 |
|  clk_IBUF_BUFG | u_gru/gen_parallel_elements[0].new_elem/index_reg[3]_10[0]      | u_gru/gen_parallel_elements[0].new_elem/rst_n |               10 |             15 |         1.50 |
|  clk_IBUF_BUFG | u_gru/gen_parallel_elements[0].new_elem/n_t_n[15]_i_1_n_5562    | u_gru/gen_parallel_elements[0].new_elem/rst_n |                5 |             15 |         3.00 |
|  clk_IBUF_BUFG | u_gru/gen_parallel_elements[0].new_elem/E[0]                    | u_gru/gen_parallel_elements[0].new_elem/rst_n |               10 |             15 |         1.50 |
|  clk_IBUF_BUFG | u_gru/gen_parallel_elements[0].new_elem/index_reg[3]_3[0]       | u_gru/gen_parallel_elements[0].new_elem/rst_n |                9 |             15 |         1.67 |
|  clk_IBUF_BUFG | u_gru/gen_parallel_elements[0].new_elem/index_reg[3]_1[0]       | u_gru/gen_parallel_elements[0].new_elem/rst_n |                8 |             15 |         1.88 |
|  clk_IBUF_BUFG | u_gru/gen_parallel_elements[0].new_elem/index_reg[3]_4[0]       | u_gru/gen_parallel_elements[0].new_elem/rst_n |                9 |             15 |         1.67 |
|  clk_IBUF_BUFG | u_gru/gen_parallel_elements[0].new_elem/index_reg[3]_0[0]       | u_gru/gen_parallel_elements[0].new_elem/rst_n |               10 |             15 |         1.50 |
|  clk_IBUF_BUFG | u_gru/gen_parallel_elements[0].new_elem/index_reg[3]_6[0]       | u_gru/gen_parallel_elements[0].new_elem/rst_n |               10 |             15 |         1.50 |
|  clk_IBUF_BUFG | u_gru/gen_parallel_elements[0].new_elem/index_reg[3][0]         | u_gru/gen_parallel_elements[0].new_elem/rst_n |               10 |             15 |         1.50 |
|  clk_IBUF_BUFG | u_gru/gen_parallel_elements[0].new_elem/index_reg[3]_8[0]       | u_gru/gen_parallel_elements[0].new_elem/rst_n |                9 |             15 |         1.67 |
|  clk_IBUF_BUFG | u_gru/gen_parallel_elements[0].new_elem/index_reg[3]_2[0]       | u_gru/gen_parallel_elements[0].new_elem/rst_n |               11 |             15 |         1.36 |
|  clk_IBUF_BUFG | u_gru/gen_parallel_elements[0].new_elem/index_reg[3]_5[0]       | u_gru/gen_parallel_elements[0].new_elem/rst_n |                8 |             15 |         1.88 |
|  clk_IBUF_BUFG | u_gru/gen_parallel_elements[0].new_elem/index_reg[3]_11[0]      | u_gru/gen_parallel_elements[0].new_elem/rst_n |               10 |             15 |         1.50 |
|  clk_IBUF_BUFG | u_gru/gen_parallel_elements[0].new_elem/index_reg[3]_7[0]       | u_gru/gen_parallel_elements[0].new_elem/rst_n |                9 |             15 |         1.67 |
|  clk_IBUF_BUFG | u_gru/gen_parallel_elements[0].new_elem/index_reg[3]_13[0]      | u_gru/gen_parallel_elements[0].new_elem/rst_n |                8 |             15 |         1.88 |
|  clk_IBUF_BUFG | u_gru/gen_parallel_elements[0].new_elem/index_reg[3]_9[0]       | u_gru/gen_parallel_elements[0].new_elem/rst_n |                9 |             15 |         1.67 |
|  clk_IBUF_BUFG | u_gru/gen_parallel_elements[0].new_elem/index_reg[3]_12[0]      | u_gru/gen_parallel_elements[0].new_elem/rst_n |               10 |             15 |         1.50 |
|  clk_IBUF_BUFG | u_gru/gen_parallel_elements[0].reset_elem/r_t_n[15]_i_1_n_5562  | u_gru/gen_parallel_elements[0].new_elem/rst_n |                8 |             15 |         1.88 |
|  clk_IBUF_BUFG | u_gru/gen_parallel_elements[0].reset_elem/E[0]                  | u_gru/gen_parallel_elements[0].new_elem/rst_n |                5 |             15 |         3.00 |
|  clk_IBUF_BUFG | u_gru/gen_parallel_elements[0].reset_elem/index_reg[3]_1[0]     | u_gru/gen_parallel_elements[0].new_elem/rst_n |                8 |             15 |         1.88 |
|  clk_IBUF_BUFG | u_gru/gen_parallel_elements[0].reset_elem/index_reg[3]_2[0]     | u_gru/gen_parallel_elements[0].new_elem/rst_n |                6 |             15 |         2.50 |
|  clk_IBUF_BUFG | u_gru/gen_parallel_elements[0].reset_elem/index_reg[3]_13[0]    | u_gru/gen_parallel_elements[0].new_elem/rst_n |                7 |             15 |         2.14 |
|  clk_IBUF_BUFG | u_gru/gen_parallel_elements[0].reset_elem/index_reg[3]_10[0]    | u_gru/gen_parallel_elements[0].new_elem/rst_n |                8 |             15 |         1.88 |
|  clk_IBUF_BUFG | u_gru/gen_parallel_elements[0].reset_elem/index_reg[3]_11[0]    | u_gru/gen_parallel_elements[0].new_elem/rst_n |                7 |             15 |         2.14 |
|  clk_IBUF_BUFG | u_gru/gen_parallel_elements[0].reset_elem/index_reg[3]_12[0]    | u_gru/gen_parallel_elements[0].new_elem/rst_n |                5 |             15 |         3.00 |
|  clk_IBUF_BUFG | u_gru/gen_parallel_elements[0].reset_elem/index_reg[3]_5[0]     | u_gru/gen_parallel_elements[0].new_elem/rst_n |                6 |             15 |         2.50 |
|  clk_IBUF_BUFG | u_gru/gen_parallel_elements[0].reset_elem/index_reg[3]_7[0]     | u_gru/gen_parallel_elements[0].new_elem/rst_n |                6 |             15 |         2.50 |
|  clk_IBUF_BUFG | u_gru/gen_parallel_elements[0].reset_elem/index_reg[3]_8[0]     | u_gru/gen_parallel_elements[0].new_elem/rst_n |                7 |             15 |         2.14 |
|  clk_IBUF_BUFG | u_gru/gen_parallel_elements[0].reset_elem/index_reg[3][0]       | u_gru/gen_parallel_elements[0].new_elem/rst_n |                7 |             15 |         2.14 |
|  clk_IBUF_BUFG | u_gru/gen_parallel_elements[0].reset_elem/index_reg[3]_9[0]     | u_gru/gen_parallel_elements[0].new_elem/rst_n |                6 |             15 |         2.50 |
|  clk_IBUF_BUFG | u_gru/gen_parallel_elements[0].reset_elem/index_reg[3]_6[0]     | u_gru/gen_parallel_elements[0].new_elem/rst_n |                8 |             15 |         1.88 |
|  clk_IBUF_BUFG | u_gru/gen_parallel_elements[0].reset_elem/index_reg[3]_3[0]     | u_gru/gen_parallel_elements[0].new_elem/rst_n |                5 |             15 |         3.00 |
|  clk_IBUF_BUFG | u_gru/gen_parallel_elements[0].reset_elem/index_reg[3]_0[0]     | u_gru/gen_parallel_elements[0].new_elem/rst_n |                5 |             15 |         3.00 |
|  clk_IBUF_BUFG | u_gru/gen_parallel_elements[0].reset_elem/index_reg[3]_4[0]     | u_gru/gen_parallel_elements[0].new_elem/rst_n |                7 |             15 |         2.14 |
|  clk_IBUF_BUFG | u_gru/gen_parallel_elements[0].update_elem/z_t_n[15]_i_1_n_5562 | u_gru/gen_parallel_elements[0].new_elem/rst_n |               10 |             15 |         1.50 |
|  clk_IBUF_BUFG | u_gru/gen_parallel_elements[0].update_elem/E[0]                 | u_gru/gen_parallel_elements[0].new_elem/rst_n |                7 |             15 |         2.14 |
|  clk_IBUF_BUFG | u_gru/gen_parallel_elements[0].update_elem/index_reg[3]_0[0]    | u_gru/gen_parallel_elements[0].new_elem/rst_n |                6 |             15 |         2.50 |
|  clk_IBUF_BUFG | u_gru/gen_parallel_elements[0].update_elem/index_reg[3]_1[0]    | u_gru/gen_parallel_elements[0].new_elem/rst_n |               10 |             15 |         1.50 |
|  clk_IBUF_BUFG | u_gru/gen_parallel_elements[0].hidden_elem/index_reg[3]_7[0]    | u_gru/gen_parallel_elements[0].new_elem/rst_n |               12 |             16 |         1.33 |
|  clk_IBUF_BUFG | u_gru/gen_parallel_elements[0].hidden_elem/E[0]                 | u_gru/gen_parallel_elements[0].new_elem/rst_n |                8 |             16 |         2.00 |
|  clk_IBUF_BUFG | u_gru/gen_parallel_elements[0].hidden_elem/index_reg[3]_10[0]   | u_gru/gen_parallel_elements[0].new_elem/rst_n |               14 |             16 |         1.14 |
|  clk_IBUF_BUFG | u_gru/gen_parallel_elements[0].hidden_elem/index_reg[3]_2[0]    | u_gru/gen_parallel_elements[0].new_elem/rst_n |               12 |             16 |         1.33 |
|  clk_IBUF_BUFG | u_gru/gen_parallel_elements[0].hidden_elem/index_reg[3][0]      | u_gru/gen_parallel_elements[0].new_elem/rst_n |               11 |             16 |         1.45 |
|  clk_IBUF_BUFG | u_gru/gen_parallel_elements[0].hidden_elem/index_reg[3]_13[0]   | u_gru/gen_parallel_elements[0].new_elem/rst_n |               13 |             16 |         1.23 |
|  clk_IBUF_BUFG | u_gru/gen_parallel_elements[0].hidden_elem/index_reg[3]_12[0]   | u_gru/gen_parallel_elements[0].new_elem/rst_n |               12 |             16 |         1.33 |
|  clk_IBUF_BUFG | u_gru/gen_parallel_elements[0].hidden_elem/index_reg[3]_3[0]    | u_gru/gen_parallel_elements[0].new_elem/rst_n |               12 |             16 |         1.33 |
|  clk_IBUF_BUFG | u_gru/gen_parallel_elements[0].hidden_elem/index_reg[3]_0[0]    | u_gru/gen_parallel_elements[0].new_elem/rst_n |               10 |             16 |         1.60 |
|  clk_IBUF_BUFG | u_gru/gen_parallel_elements[0].hidden_elem/index_reg[3]_4[0]    | u_gru/gen_parallel_elements[0].new_elem/rst_n |               12 |             16 |         1.33 |
|  clk_IBUF_BUFG | u_gru/gen_parallel_elements[0].hidden_elem/index_reg[3]_6[0]    | u_gru/gen_parallel_elements[0].new_elem/rst_n |               11 |             16 |         1.45 |
|  clk_IBUF_BUFG | u_gru/gen_parallel_elements[0].hidden_elem/index_reg[3]_8[0]    | u_gru/gen_parallel_elements[0].new_elem/rst_n |               11 |             16 |         1.45 |
|  clk_IBUF_BUFG | u_gru/gen_parallel_elements[0].hidden_elem/index_reg[3]_9[0]    | u_gru/gen_parallel_elements[0].new_elem/rst_n |               13 |             16 |         1.23 |
|  clk_IBUF_BUFG | x_t[5][15]_i_1_n_5562                                           | u_gru/gen_parallel_elements[0].new_elem/rst_n |                5 |             16 |         3.20 |
|  clk_IBUF_BUFG | x_t[61][15]_i_1_n_5562                                          | u_gru/gen_parallel_elements[0].new_elem/rst_n |                5 |             16 |         3.20 |
|  clk_IBUF_BUFG | x_t[52][15]_i_1_n_5562                                          | u_gru/gen_parallel_elements[0].new_elem/rst_n |                3 |             16 |         5.33 |
|  clk_IBUF_BUFG | x_t[53][15]_i_1_n_5562                                          | u_gru/gen_parallel_elements[0].new_elem/rst_n |                5 |             16 |         3.20 |
|  clk_IBUF_BUFG | x_t[51][15]_i_1_n_5562                                          | u_gru/gen_parallel_elements[0].new_elem/rst_n |                6 |             16 |         2.67 |
|  clk_IBUF_BUFG | x_t[4][15]_i_1_n_5562                                           | u_gru/gen_parallel_elements[0].new_elem/rst_n |                5 |             16 |         3.20 |
|  clk_IBUF_BUFG | x_t[57][15]_i_1_n_5562                                          | u_gru/gen_parallel_elements[0].new_elem/rst_n |                4 |             16 |         4.00 |
|  clk_IBUF_BUFG | x_t[54][15]_i_1_n_5562                                          | u_gru/gen_parallel_elements[0].new_elem/rst_n |                3 |             16 |         5.33 |
|  clk_IBUF_BUFG | x_t[62][15]_i_1_n_5562                                          | u_gru/gen_parallel_elements[0].new_elem/rst_n |                7 |             16 |         2.29 |
|  clk_IBUF_BUFG | x_t[55][15]_i_1_n_5562                                          | u_gru/gen_parallel_elements[0].new_elem/rst_n |                4 |             16 |         4.00 |
|  clk_IBUF_BUFG | u_gru/gen_parallel_elements[0].hidden_elem/index_reg[3]_5[0]    | u_gru/gen_parallel_elements[0].new_elem/rst_n |               11 |             16 |         1.45 |
|  clk_IBUF_BUFG | u_gru/gen_parallel_elements[0].hidden_elem/index_reg[3]_11[0]   | u_gru/gen_parallel_elements[0].new_elem/rst_n |               12 |             16 |         1.33 |
|  clk_IBUF_BUFG | u_gru/gen_parallel_elements[0].hidden_elem/index_reg[3]_1[0]    | u_gru/gen_parallel_elements[0].new_elem/rst_n |               12 |             16 |         1.33 |
|  clk_IBUF_BUFG | x_t[39][15]_i_1_n_5562                                          | u_gru/gen_parallel_elements[0].new_elem/rst_n |                5 |             16 |         3.20 |
|  clk_IBUF_BUFG | x_t[22][15]_i_1_n_5562                                          | u_gru/gen_parallel_elements[0].new_elem/rst_n |                5 |             16 |         3.20 |
|  clk_IBUF_BUFG | x_t[19][15]_i_1_n_5562                                          | u_gru/gen_parallel_elements[0].new_elem/rst_n |                5 |             16 |         3.20 |
|  clk_IBUF_BUFG | x_t[28][15]_i_1_n_5562                                          | u_gru/gen_parallel_elements[0].new_elem/rst_n |                3 |             16 |         5.33 |
|  clk_IBUF_BUFG | x_t[11][15]_i_1_n_5562                                          | u_gru/gen_parallel_elements[0].new_elem/rst_n |                5 |             16 |         3.20 |
|  clk_IBUF_BUFG | x_t[44][15]_i_1_n_5562                                          | u_gru/gen_parallel_elements[0].new_elem/rst_n |                4 |             16 |         4.00 |
|  clk_IBUF_BUFG | x_t[2][15]_i_1_n_5562                                           | u_gru/gen_parallel_elements[0].new_elem/rst_n |                4 |             16 |         4.00 |
|  clk_IBUF_BUFG | x_t[18][15]_i_1_n_5562                                          | u_gru/gen_parallel_elements[0].new_elem/rst_n |                3 |             16 |         5.33 |
|  clk_IBUF_BUFG | x_t[34][15]_i_1_n_5562                                          | u_gru/gen_parallel_elements[0].new_elem/rst_n |                5 |             16 |         3.20 |
|  clk_IBUF_BUFG | x_t[16][15]_i_1_n_5562                                          | u_gru/gen_parallel_elements[0].new_elem/rst_n |                6 |             16 |         2.67 |
|  clk_IBUF_BUFG | x_t[32][15]_i_1_n_5562                                          | u_gru/gen_parallel_elements[0].new_elem/rst_n |                5 |             16 |         3.20 |
|  clk_IBUF_BUFG | x_t[35][15]_i_1_n_5562                                          | u_gru/gen_parallel_elements[0].new_elem/rst_n |                6 |             16 |         2.67 |
|  clk_IBUF_BUFG | x_t[42][15]_i_1_n_5562                                          | u_gru/gen_parallel_elements[0].new_elem/rst_n |                3 |             16 |         5.33 |
|  clk_IBUF_BUFG | x_t[26][15]_i_1_n_5562                                          | u_gru/gen_parallel_elements[0].new_elem/rst_n |                4 |             16 |         4.00 |
|  clk_IBUF_BUFG | x_t[37][15]_i_1_n_5562                                          | u_gru/gen_parallel_elements[0].new_elem/rst_n |                5 |             16 |         3.20 |
|  clk_IBUF_BUFG | x_t[36][15]_i_1_n_5562                                          | u_gru/gen_parallel_elements[0].new_elem/rst_n |                5 |             16 |         3.20 |
|  clk_IBUF_BUFG | x_t[0][15]_i_1_n_5562                                           | u_gru/gen_parallel_elements[0].new_elem/rst_n |                4 |             16 |         4.00 |
|  clk_IBUF_BUFG | x_t[46][15]_i_1_n_5562                                          | u_gru/gen_parallel_elements[0].new_elem/rst_n |                5 |             16 |         3.20 |
|  clk_IBUF_BUFG | x_t[20][15]_i_1_n_5562                                          | u_gru/gen_parallel_elements[0].new_elem/rst_n |                5 |             16 |         3.20 |
|  clk_IBUF_BUFG | x_t[29][15]_i_1_n_5562                                          | u_gru/gen_parallel_elements[0].new_elem/rst_n |                6 |             16 |         2.67 |
|  clk_IBUF_BUFG | x_t[3][15]_i_1_n_5562                                           | u_gru/gen_parallel_elements[0].new_elem/rst_n |                6 |             16 |         2.67 |
|  clk_IBUF_BUFG | x_t[10][15]_i_1_n_5562                                          | u_gru/gen_parallel_elements[0].new_elem/rst_n |                6 |             16 |         2.67 |
|  clk_IBUF_BUFG | x_t[47][15]_i_1_n_5562                                          | u_gru/gen_parallel_elements[0].new_elem/rst_n |                4 |             16 |         4.00 |
|  clk_IBUF_BUFG | x_t[13][15]_i_1_n_5562                                          | u_gru/gen_parallel_elements[0].new_elem/rst_n |                7 |             16 |         2.29 |
|  clk_IBUF_BUFG | x_t[23][15]_i_1_n_5562                                          | u_gru/gen_parallel_elements[0].new_elem/rst_n |                6 |             16 |         2.67 |
|  clk_IBUF_BUFG | x_t[38][15]_i_1_n_5562                                          | u_gru/gen_parallel_elements[0].new_elem/rst_n |                4 |             16 |         4.00 |
|  clk_IBUF_BUFG | x_t[40][15]_i_1_n_5562                                          | u_gru/gen_parallel_elements[0].new_elem/rst_n |                5 |             16 |         3.20 |
|  clk_IBUF_BUFG | x_t[48][15]_i_1_n_5562                                          | u_gru/gen_parallel_elements[0].new_elem/rst_n |                3 |             16 |         5.33 |
|  clk_IBUF_BUFG | x_t[17][15]_i_1_n_5562                                          | u_gru/gen_parallel_elements[0].new_elem/rst_n |                5 |             16 |         3.20 |
|  clk_IBUF_BUFG | x_t[1][15]_i_1_n_5562                                           | u_gru/gen_parallel_elements[0].new_elem/rst_n |                5 |             16 |         3.20 |
|  clk_IBUF_BUFG | x_t[14][15]_i_1_n_5562                                          | u_gru/gen_parallel_elements[0].new_elem/rst_n |                7 |             16 |         2.29 |
|  clk_IBUF_BUFG | x_t[24][15]_i_1_n_5562                                          | u_gru/gen_parallel_elements[0].new_elem/rst_n |                6 |             16 |         2.67 |
|  clk_IBUF_BUFG | x_t[49][15]_i_1_n_5562                                          | u_gru/gen_parallel_elements[0].new_elem/rst_n |                4 |             16 |         4.00 |
|  clk_IBUF_BUFG | x_t[33][15]_i_1_n_5562                                          | u_gru/gen_parallel_elements[0].new_elem/rst_n |                5 |             16 |         3.20 |
|  clk_IBUF_BUFG | x_t[43][15]_i_1_n_5562                                          | u_gru/gen_parallel_elements[0].new_elem/rst_n |                5 |             16 |         3.20 |
|  clk_IBUF_BUFG | x_t[45][15]_i_1_n_5562                                          | u_gru/gen_parallel_elements[0].new_elem/rst_n |                5 |             16 |         3.20 |
|  clk_IBUF_BUFG | x_t[25][15]_i_1_n_5562                                          | u_gru/gen_parallel_elements[0].new_elem/rst_n |                7 |             16 |         2.29 |
|  clk_IBUF_BUFG | x_t[41][15]_i_1_n_5562                                          | u_gru/gen_parallel_elements[0].new_elem/rst_n |                4 |             16 |         4.00 |
|  clk_IBUF_BUFG | x_t[15][15]_i_1_n_5562                                          | u_gru/gen_parallel_elements[0].new_elem/rst_n |                6 |             16 |         2.67 |
|  clk_IBUF_BUFG | x_t[12][15]_i_1_n_5562                                          | u_gru/gen_parallel_elements[0].new_elem/rst_n |                5 |             16 |         3.20 |
|  clk_IBUF_BUFG | x_t[31][15]_i_1_n_5562                                          | u_gru/gen_parallel_elements[0].new_elem/rst_n |                4 |             16 |         4.00 |
|  clk_IBUF_BUFG | x_t[30][15]_i_1_n_5562                                          | u_gru/gen_parallel_elements[0].new_elem/rst_n |                8 |             16 |         2.00 |
|  clk_IBUF_BUFG | x_t[27][15]_i_1_n_5562                                          | u_gru/gen_parallel_elements[0].new_elem/rst_n |                4 |             16 |         4.00 |
|  clk_IBUF_BUFG | x_t[21][15]_i_1_n_5562                                          | u_gru/gen_parallel_elements[0].new_elem/rst_n |                5 |             16 |         3.20 |
|  clk_IBUF_BUFG | x_t[50][15]_i_1_n_5562                                          | u_gru/gen_parallel_elements[0].new_elem/rst_n |                5 |             16 |         3.20 |
|  clk_IBUF_BUFG | x_t[59][15]_i_1_n_5562                                          | u_gru/gen_parallel_elements[0].new_elem/rst_n |                4 |             16 |         4.00 |
|  clk_IBUF_BUFG | x_t[60][15]_i_1_n_5562                                          | u_gru/gen_parallel_elements[0].new_elem/rst_n |                5 |             16 |         3.20 |
|  clk_IBUF_BUFG | x_t[56][15]_i_1_n_5562                                          | u_gru/gen_parallel_elements[0].new_elem/rst_n |                7 |             16 |         2.29 |
|  clk_IBUF_BUFG | u_gru/E[0]                                                      | u_gru/gen_parallel_elements[0].new_elem/rst_n |                9 |             21 |         2.33 |
|  clk_IBUF_BUFG | x_t[58][15]_i_1_n_5562                                          | u_gru/gen_parallel_elements[0].new_elem/rst_n |               11 |             21 |         1.91 |
|  clk_IBUF_BUFG | u_gru/gen_parallel_elements[0].update_elem/acc_x                | u_gru/gen_parallel_elements[0].new_elem/rst_n |                8 |             25 |         3.12 |
|  clk_IBUF_BUFG | u_gru/gen_parallel_elements[0].update_elem/acc_h                | u_gru/gen_parallel_elements[0].new_elem/rst_n |                7 |             25 |         3.57 |
|  clk_IBUF_BUFG | u_gru/gen_parallel_elements[0].reset_elem/acc_x                 | u_gru/gen_parallel_elements[0].new_elem/rst_n |                9 |             25 |         2.78 |
|  clk_IBUF_BUFG | u_gru/gen_parallel_elements[0].reset_elem/acc_h                 | u_gru/gen_parallel_elements[0].new_elem/rst_n |               11 |             25 |         2.27 |
|  clk_IBUF_BUFG | u_gru/gen_parallel_elements[0].new_elem/acc_x                   | u_gru/gen_parallel_elements[0].new_elem/rst_n |                8 |             25 |         3.12 |
|  clk_IBUF_BUFG | u_gru/gen_parallel_elements[0].new_elem/acc_h                   | u_gru/gen_parallel_elements[0].new_elem/rst_n |               10 |             25 |         2.50 |
|  clk_IBUF_BUFG |                                                                 | u_gru/gen_parallel_elements[0].new_elem/rst_n |               20 |             45 |         2.25 |
|  clk_IBUF_BUFG | u_gru/h_t                                                       | u_gru/gen_parallel_elements[0].new_elem/rst_n |               90 |            256 |         2.84 |
|  clk_IBUF_BUFG | u_gru/done                                                      | u_gru/gen_parallel_elements[0].new_elem/rst_n |              247 |            599 |         2.43 |
+----------------+-----------------------------------------------------------------+-----------------------------------------------+------------------+----------------+--------------+


