#-----------------------------------------------------------
# Vivado v2024.1 (64-bit)
# SW Build 5076996 on Wed May 22 18:37:14 MDT 2024
# IP Build 5075265 on Wed May 22 21:45:21 MDT 2024
# SharedData Build 5076995 on Wed May 22 18:29:18 MDT 2024
# Start of session at: Wed Feb 25 19:12:12 2026
# Process ID: 27516
# Current directory: C:/Users/ajrbe/Documents/School/Thesis/BCI/gru-hardware-implementation-and-optimization/actualImplementation/actualImplementation.runs/impl_1
# Command line: vivado.exe -log top.vdi -applog -product Vivado -messageDb vivado.pb -mode batch -source top.tcl -notrace
# Log file: C:/Users/ajrbe/Documents/School/Thesis/BCI/gru-hardware-implementation-and-optimization/actualImplementation/actualImplementation.runs/impl_1/top.vdi
# Journal file: C:/Users/ajrbe/Documents/School/Thesis/BCI/gru-hardware-implementation-and-optimization/actualImplementation/actualImplementation.runs/impl_1\vivado.jou
# Running On        :hiccup
# Platform          :Windows Server 2016 or Windows 10
# Operating System  :26100
# Processor Detail  :13th Gen Intel(R) Core(TM) i9-13900H
# CPU Frequency     :2995 MHz
# CPU Physical cores:14
# CPU Logical cores :20
# Host memory       :33947 MB
# Swap memory       :2163 MB
# Total Virtual     :36111 MB
# Available Virtual :11218 MB
#-----------------------------------------------------------
source top.tcl -notrace
