#-----------------------------------------------------------
# Vivado v2024.1 (64-bit)
# SW Build 5076996 on Wed May 22 18:36:09 MDT 2024
# IP Build 5075265 on Wed May 22 21:45:21 MDT 2024
# SharedData Build 5076995 on Wed May 22 18:29:18 MDT 2024
# Start of session at: Mon Dec 15 18:56:20 2025
# Process ID: 71491
# Current directory: /home/lex/Documents/git/gru-hardware-implementation-and-optimization/optimizedImplementation
# Command line: vivado -mode batch -source run_vivado.tcl
# Log file: /home/lex/Documents/git/gru-hardware-implementation-and-optimization/optimizedImplementation/vivado.log
# Journal file: /home/lex/Documents/git/gru-hardware-implementation-and-optimization/optimizedImplementation/vivado.jou
# Running On        :Toothless
# Platform          :Ubuntu
# Operating System  :Ubuntu 20.04.6 LTS
# Processor Detail  :AMD Ryzen 5 7600X 6-Core Processor
# CPU Frequency     :3000.000 MHz
# CPU Physical cores:6
# CPU Logical cores :12
# Host memory       :32695 MB
# Swap memory       :2147 MB
# Total Virtual     :34842 MB
# Available Virtual :29054 MB
#-----------------------------------------------------------
source run_vivado.tcl
source gru_tb.tcl
